<html>
<body>
<pre>
<h1>µVision Build Log</h1>
<h2>Tool Versions:</h2>
IDE-Version: µVision V5.17.0.0
Copyright (C) 2015 ARM Ltd and ARM Germany GmbH. All rights reserved.
License Information: Thien An Bui, Bosch, LIC=NQQMA-1FEPP-CXVU6-DSUYB-UMX3W-GU92Z
 
Tool Versions:
Toolchain:       MDK-ARM Standard  Version: 5.17
Toolchain Path:  C:\Keil_v5\ARM\ARMCC\Bin
C Compiler:      Armcc.exe V5.06 update 1 (build 61)
Assembler:       Armasm.exe V5.06 update 1 (build 61)
Linker/Locator:  ArmLink.exe V5.06 update 1 (build 61)
Library Manager: ArmAr.exe V5.06 update 1 (build 61)
Hex Converter:   FromElf.exe V5.06 update 1 (build 61)
CPU DLL:         SARMCM3.DLL V5.17
Dialog DLL:      DARMSTM.DLL V1.65.0.0
Target DLL:      UL2CM3.DLL V1.156.1.0
Dialog DLL:      TARMSTM.DLL V1.64.0.0
 
<h2>Project:</h2>
G:\My Drive\Desktop\Example_USB\FreeRTOS\Demo\CORTEX_STM32F103_Keil\RTOSDemo.uvproj
Project File Date:  <unknown>

<h2>Output:</h2>
*** Using Compiler 'V5.06 update 1 (build 61)', folder: 'C:\Keil_v5\ARM\ARMCC\Bin'
Build target 'Target 1'
assembling STM32F10x.s...
assembling cortexm3_macro_rvds.s...
compiling stm32f10x_gpio.c...
compiling stm32f10x_usart.c...
compiling stm32f10x_nvic.c...
compiling lcd.c...
compiling stm32f10x_lib.c...
compiling stm32f10x_rcc.c...
compiling stm32f10x_spi.c...
compiling stm32f10x_systick.c...
compiling stm32f10x_tim.c...
compiling ParTest.c...
compiling serial.c...
compiling timertest.c...
compiling spi_flash.c...
compiling semtest.c...
compiling main.c...
compiling BlockQ.c...
compiling death.c...
compiling comtest.c...
compiling blocktim.c...
compiling integer.c...
compiling flash.c...
compiling PollQ.c...
compiling list.c...
compiling queue.c...
compiling tasks.c...
compiling port.c...
compiling heap_2.c...
linking...
Program Size: Code=24746 RO-data=14530 RW-data=256 ZI-data=18152  
".\RTOSDemo.axf" - 0 Error(s), 0 Warning(s).
Build Time Elapsed:  00:02:01
</pre>
</body>
</html>
